RAM Allocation [bytes]
Variable                                                                          Address   Size
------------------------------------------------------------------------------------------------
buffer                                                                            0x0260      16
keypadPatterns                                                                    0x0270      12
new_key                                                                           0x027C       2
pressed_key                                                                       0x027E       2
_base_y                                                                           0x0280       4
_lcd_x                                                                            0x0284       1
_lcd_y                                                                            0x0285       1
_lcd_maxx                                                                         0x0286       1
_seed                                                                             0x0287       4

EEPROM Allocation [bytes]
Variable                                                                          Address   Size
------------------------------------------------------------------------------------------------

Register Allocation
Variable                                                                          Register  Size
------------------------------------------------------------------------------------------------
systemstate                                                                       R5           1
s                                                                                 R6,R7        2
m                                                                                 R8,R9        2
h                                                                                 R10,R11      2
flag                                                                              R12,R13      2

FLASH Allocation [words]
Function                                                                          Address   Size
------------------------------------------------------------------------------------------------
main                                                                              0x000CC    237
comparematch                                                                      0x001B9     68
onPause                                                                           0x001FD     25
onReStart                                                                         0x00216     11
keyPressed                                                                        0x00221     85
_lcd_write_nibble_G100                                                            0x00276     20
_lcd_write_data                                                                   0x0028A     12
lcd_gotoxy                                                                        0x00296     17
lcd_clear                                                                         0x002A7     14
lcd_putchar                                                                       0x002B5     32
lcd_puts                                                                          0x002D5     15
lcd_putsf                                                                         0x002E4     19
lcd_init                                                                          0x002F7     46
itoa                                                                              0x00325     46
put_buff_G102                                                                     0x00353     64
_print_G102                                                                       0x00393    308
sprintf                                                                           0x004C7     52
strlen                                                                            0x004FB     12
strlenf                                                                           0x00507     13
