RAM Allocation [bytes]
Variable                                                                          Address   Size
------------------------------------------------------------------------------------------------
buffer                                                                            0x0260      16
keypadPatterns                                                                    0x0270      12
new_key                                                                           0x027C       2
pressed_key                                                                       0x027E       2
_base_y                                                                           0x0280       4
_lcd_x                                                                            0x0284       1
_lcd_y                                                                            0x0285       1
_lcd_maxx                                                                         0x0286       1
_seed                                                                             0x0287       4

EEPROM Allocation [bytes]
Variable                                                                          Address   Size
------------------------------------------------------------------------------------------------

Register Allocation
Variable                                                                          Register  Size
------------------------------------------------------------------------------------------------
systemstate                                                                       R5           1
s                                                                                 R6,R7        2
m                                                                                 R8,R9        2
h                                                                                 R10,R11      2
flag                                                                              R12,R13      2

FLASH Allocation [words]
Function                                                                          Address   Size
------------------------------------------------------------------------------------------------
main                                                                              0x00087     71
comparematch                                                                      0x000CE     66
onPause                                                                           0x00110     25
onReStart                                                                         0x00129     11
keyPressed                                                                        0x00134     85
EEPROM_write                                                                      0x00189     12
EEPROM_read                                                                       0x00195     10
_lcd_write_nibble_G100                                                            0x0019F     20
_lcd_write_data                                                                   0x001B3     12
lcd_gotoxy                                                                        0x001BF     17
lcd_clear                                                                         0x001D0     14
lcd_putchar                                                                       0x001DE     32
lcd_puts                                                                          0x001FE     17
lcd_init                                                                          0x0020F     46
itoa                                                                              0x0023D     46
put_buff_G102                                                                     0x0026B     64
_print_G102                                                                       0x002AB    308
sprintf                                                                           0x003DF     52
strlen                                                                            0x00413     12
strlenf                                                                           0x0041F     13
